((1 (4 4)) (2 (5 5)))
((((1 2 3) (4 4)) ((1 2 3) (5 5))))
(((1 2 3) (4 4)) ((1 2 3) (5 5)))
