#0=(a . #0#)#0=(a . #0#)#t#0=(#0# . b)#0=(#0# . b)#t#t
((1 . 1) (2 . 2))
((1 . a) (2 . a))(a a)1.a
2.a

