Test begin: (R7RS)
Test begin: (4.1 Primitive expression types)
Test begin: (4.2 Derived expression types)
Test begin: (4.3 Macros)
Test begin: (5 Program structure)
Test begin: (6.1 Equivalence Predicates)
Test begin: (6.2 Numbers)
Test begin: (6.3 Booleans)
Test begin: (6.4 Lists)
Test begin: (6.5 Symbols)
Test begin: (6.6 Characters)
Test begin: (6.7 Strings)
Test begin: (6.8 Vectors)
Test begin: (6.9 Bytevectors)
Test begin: (6.10 Control Features)
Test begin: (6.11 Exceptions)
Test begin: (6.12 Environments and evaluation)
Test begin: (6.13 Input and output)
Test begin: (Read syntax)
Test begin: (Numeric syntax)
Test begin: (6.14 System interface)
