Insertion
(10 (8 (4 (3 () ()) ()) (9 () ())) (24 (13 (12 () ()) (23 (14 () ()) ())) (45 (25 () (42 () ())) (109 (87 (58 (57 () ()) ()) ()) (222 () ())))))
Checking
#t
Searching
(12 () ())
#f
Deletion
(10 (8 (4 (3 () ()) ()) (9 () ())) (25 (13 (12 () ()) (23 (14 () ()) ())) (45 (42 () ()) (109 (87 (58 (57 () ()) ()) ()) (222 () ())))))
#t
(10 (8 (4 (3 () ()) ()) (9 () ())) (24 (13 (12 () ()) (23 (14 () ()) ())) (45 (25 () (42 () ())) (109 (87 (58 (57 () ()) ()) ()) (222 () ())))))
#t
Traversal
pre:
1084392413122314452542109875857222
post:
3498121423134225575887222109452410
in:
3489101213142324254245575887109222
